// Jest Snapshot v1, https://goo.gl/fbAQLP

exports[`Inventory renders snapshot 1`] = `
<div
  className="Component Inventory Test"
  id="test"
>
  <h2>
    Inventory
  </h2>
  <div
    className="Content"
  />
</div>
`;
