// Jest Snapshot v1, https://goo.gl/fbAQLP

exports[`Scene renders snapshot 1`] = `
<div
  className="Component Scene Test"
  id="test"
>
  <h2>
    Hello
  </h2>
  <div
    className="Content"
  >
    World
  </div>
</div>
`;
